// Jest Snapshot v1, https://goo.gl/fbAQLP

exports[`should match snapshot 1`] = `
ShallowWrapper {
  Symbol(enzyme.__root__): [Circular],
  Symbol(enzyme.__unrendered__): <PriceSummary
    formatter={
      Object {
        "format": [Function],
      }
    }
    subtotal={100}
    tax={5}
    total={105}
  />,
  Symbol(enzyme.__renderer__): Object {
    "batchedUpdates": [Function],
    "getNode": [Function],
    "render": [Function],
    "simulateError": [Function],
    "simulateEvent": [Function],
    "unmount": [Function],
  },
  Symbol(enzyme.__node__): Object {
    "instance": null,
    "key": undefined,
    "nodeType": "function",
    "props": Object {
      "children": <ForwardRef>
        <ForwardRef>
          <span>
            Subtotal
          </span>
          <span>
            100
          </span>
        </ForwardRef>
        <ForwardRef>
          <span>
            Tax (5%)
          </span>
          <span>
            5
          </span>
        </ForwardRef>
        <ForwardRef>
          <span>
            Total
          </span>
          <span>
            105
          </span>
        </ForwardRef>
      </ForwardRef>,
    },
    "ref": null,
    "rendered": Object {
      "instance": null,
      "key": undefined,
      "nodeType": "function",
      "props": Object {
        "children": Array [
          <ForwardRef>
            <span>
              Subtotal
            </span>
            <span>
              100
            </span>
          </ForwardRef>,
          <ForwardRef>
            <span>
              Tax (5%)
            </span>
            <span>
              5
            </span>
          </ForwardRef>,
          <ForwardRef>
            <span>
              Total
            </span>
            <span>
              105
            </span>
          </ForwardRef>,
        ],
      },
      "ref": null,
      "rendered": Array [
        Object {
          "instance": null,
          "key": undefined,
          "nodeType": "function",
          "props": Object {
            "children": Array [
              <span>
                Subtotal
              </span>,
              <span>
                100
              </span>,
            ],
          },
          "ref": null,
          "rendered": Array [
            Object {
              "instance": null,
              "key": undefined,
              "nodeType": "host",
              "props": Object {
                "children": "Subtotal",
              },
              "ref": null,
              "rendered": "Subtotal",
              "type": "span",
            },
            Object {
              "instance": null,
              "key": undefined,
              "nodeType": "host",
              "props": Object {
                "children": 100,
              },
              "ref": null,
              "rendered": 100,
              "type": "span",
            },
          ],
          "type": Object {
            "$$typeof": Symbol(react.forward_ref),
            "attrs": Array [],
            "componentStyle": ComponentStyle {
              "componentId": "sc-htpNat",
              "isStatic": true,
              "rules": Array [
                "
  display: flex;
  padding: .5rem 0;
  justify-content: space-between;
",
              ],
            },
            "displayName": "styled.div",
            "render": [Function],
            "styledComponentId": "sc-htpNat",
            "target": "div",
            "toString": [Function],
            "warnTooManyClasses": [Function],
            "withComponent": [Function],
          },
        },
        Object {
          "instance": null,
          "key": undefined,
          "nodeType": "function",
          "props": Object {
            "children": Array [
              <span>
                Tax (5%)
              </span>,
              <span>
                5
              </span>,
            ],
          },
          "ref": null,
          "rendered": Array [
            Object {
              "instance": null,
              "key": undefined,
              "nodeType": "host",
              "props": Object {
                "children": "Tax (5%)",
              },
              "ref": null,
              "rendered": "Tax (5%)",
              "type": "span",
            },
            Object {
              "instance": null,
              "key": undefined,
              "nodeType": "host",
              "props": Object {
                "children": 5,
              },
              "ref": null,
              "rendered": 5,
              "type": "span",
            },
          ],
          "type": Object {
            "$$typeof": Symbol(react.forward_ref),
            "attrs": Array [],
            "componentStyle": ComponentStyle {
              "componentId": "sc-htpNat",
              "isStatic": true,
              "rules": Array [
                "
  display: flex;
  padding: .5rem 0;
  justify-content: space-between;
",
              ],
            },
            "displayName": "styled.div",
            "render": [Function],
            "styledComponentId": "sc-htpNat",
            "target": "div",
            "toString": [Function],
            "warnTooManyClasses": [Function],
            "withComponent": [Function],
          },
        },
        Object {
          "instance": null,
          "key": undefined,
          "nodeType": "function",
          "props": Object {
            "children": Array [
              <span>
                Total
              </span>,
              <span>
                105
              </span>,
            ],
          },
          "ref": null,
          "rendered": Array [
            Object {
              "instance": null,
              "key": undefined,
              "nodeType": "host",
              "props": Object {
                "children": "Total",
              },
              "ref": null,
              "rendered": "Total",
              "type": "span",
            },
            Object {
              "instance": null,
              "key": undefined,
              "nodeType": "host",
              "props": Object {
                "children": 105,
              },
              "ref": null,
              "rendered": 105,
              "type": "span",
            },
          ],
          "type": Object {
            "$$typeof": Symbol(react.forward_ref),
            "attrs": Array [],
            "componentStyle": ComponentStyle {
              "componentId": "sc-htpNat",
              "isStatic": true,
              "rules": Array [
                "
  display: flex;
  padding: .5rem 0;
  justify-content: space-between;
",
              ],
            },
            "displayName": "styled.div",
            "render": [Function],
            "styledComponentId": "sc-htpNat",
            "target": "div",
            "toString": [Function],
            "warnTooManyClasses": [Function],
            "withComponent": [Function],
          },
        },
      ],
      "type": Object {
        "$$typeof": Symbol(react.forward_ref),
        "attrs": Array [],
        "componentStyle": ComponentStyle {
          "componentId": "sc-bwzfXH",
          "isStatic": false,
          "rules": Array [
            "
  width: 100%;
  display: flex;
  flex-direction: column;
  ",
            [Function],
            "
",
          ],
        },
        "displayName": "styled.div",
        "render": [Function],
        "styledComponentId": "sc-bwzfXH",
        "target": "div",
        "toString": [Function],
        "warnTooManyClasses": [Function],
        "withComponent": [Function],
      },
    },
    "type": Object {
      "$$typeof": Symbol(react.forward_ref),
      "attrs": Array [],
      "componentStyle": ComponentStyle {
        "componentId": "sc-bdVaJa",
        "isStatic": true,
        "rules": Array [
          "
  font-size: 1.25rem;
  display: flex;
  flex-direction: row-reverse;
  max-width: 800px;
  margin: 0 auto;
",
        ],
      },
      "displayName": "styled.div",
      "render": [Function],
      "styledComponentId": "sc-bdVaJa",
      "target": "div",
      "toString": [Function],
      "warnTooManyClasses": [Function],
      "withComponent": [Function],
    },
  },
  Symbol(enzyme.__nodes__): Array [
    Object {
      "instance": null,
      "key": undefined,
      "nodeType": "function",
      "props": Object {
        "children": <ForwardRef>
          <ForwardRef>
            <span>
              Subtotal
            </span>
            <span>
              100
            </span>
          </ForwardRef>
          <ForwardRef>
            <span>
              Tax (5%)
            </span>
            <span>
              5
            </span>
          </ForwardRef>
          <ForwardRef>
            <span>
              Total
            </span>
            <span>
              105
            </span>
          </ForwardRef>
        </ForwardRef>,
      },
      "ref": null,
      "rendered": Object {
        "instance": null,
        "key": undefined,
        "nodeType": "function",
        "props": Object {
          "children": Array [
            <ForwardRef>
              <span>
                Subtotal
              </span>
              <span>
                100
              </span>
            </ForwardRef>,
            <ForwardRef>
              <span>
                Tax (5%)
              </span>
              <span>
                5
              </span>
            </ForwardRef>,
            <ForwardRef>
              <span>
                Total
              </span>
              <span>
                105
              </span>
            </ForwardRef>,
          ],
        },
        "ref": null,
        "rendered": Array [
          Object {
            "instance": null,
            "key": undefined,
            "nodeType": "function",
            "props": Object {
              "children": Array [
                <span>
                  Subtotal
                </span>,
                <span>
                  100
                </span>,
              ],
            },
            "ref": null,
            "rendered": Array [
              Object {
                "instance": null,
                "key": undefined,
                "nodeType": "host",
                "props": Object {
                  "children": "Subtotal",
                },
                "ref": null,
                "rendered": "Subtotal",
                "type": "span",
              },
              Object {
                "instance": null,
                "key": undefined,
                "nodeType": "host",
                "props": Object {
                  "children": 100,
                },
                "ref": null,
                "rendered": 100,
                "type": "span",
              },
            ],
            "type": Object {
              "$$typeof": Symbol(react.forward_ref),
              "attrs": Array [],
              "componentStyle": ComponentStyle {
                "componentId": "sc-htpNat",
                "isStatic": true,
                "rules": Array [
                  "
  display: flex;
  padding: .5rem 0;
  justify-content: space-between;
",
                ],
              },
              "displayName": "styled.div",
              "render": [Function],
              "styledComponentId": "sc-htpNat",
              "target": "div",
              "toString": [Function],
              "warnTooManyClasses": [Function],
              "withComponent": [Function],
            },
          },
          Object {
            "instance": null,
            "key": undefined,
            "nodeType": "function",
            "props": Object {
              "children": Array [
                <span>
                  Tax (5%)
                </span>,
                <span>
                  5
                </span>,
              ],
            },
            "ref": null,
            "rendered": Array [
              Object {
                "instance": null,
                "key": undefined,
                "nodeType": "host",
                "props": Object {
                  "children": "Tax (5%)",
                },
                "ref": null,
                "rendered": "Tax (5%)",
                "type": "span",
              },
              Object {
                "instance": null,
                "key": undefined,
                "nodeType": "host",
                "props": Object {
                  "children": 5,
                },
                "ref": null,
                "rendered": 5,
                "type": "span",
              },
            ],
            "type": Object {
              "$$typeof": Symbol(react.forward_ref),
              "attrs": Array [],
              "componentStyle": ComponentStyle {
                "componentId": "sc-htpNat",
                "isStatic": true,
                "rules": Array [
                  "
  display: flex;
  padding: .5rem 0;
  justify-content: space-between;
",
                ],
              },
              "displayName": "styled.div",
              "render": [Function],
              "styledComponentId": "sc-htpNat",
              "target": "div",
              "toString": [Function],
              "warnTooManyClasses": [Function],
              "withComponent": [Function],
            },
          },
          Object {
            "instance": null,
            "key": undefined,
            "nodeType": "function",
            "props": Object {
              "children": Array [
                <span>
                  Total
                </span>,
                <span>
                  105
                </span>,
              ],
            },
            "ref": null,
            "rendered": Array [
              Object {
                "instance": null,
                "key": undefined,
                "nodeType": "host",
                "props": Object {
                  "children": "Total",
                },
                "ref": null,
                "rendered": "Total",
                "type": "span",
              },
              Object {
                "instance": null,
                "key": undefined,
                "nodeType": "host",
                "props": Object {
                  "children": 105,
                },
                "ref": null,
                "rendered": 105,
                "type": "span",
              },
            ],
            "type": Object {
              "$$typeof": Symbol(react.forward_ref),
              "attrs": Array [],
              "componentStyle": ComponentStyle {
                "componentId": "sc-htpNat",
                "isStatic": true,
                "rules": Array [
                  "
  display: flex;
  padding: .5rem 0;
  justify-content: space-between;
",
                ],
              },
              "displayName": "styled.div",
              "render": [Function],
              "styledComponentId": "sc-htpNat",
              "target": "div",
              "toString": [Function],
              "warnTooManyClasses": [Function],
              "withComponent": [Function],
            },
          },
        ],
        "type": Object {
          "$$typeof": Symbol(react.forward_ref),
          "attrs": Array [],
          "componentStyle": ComponentStyle {
            "componentId": "sc-bwzfXH",
            "isStatic": false,
            "rules": Array [
              "
  width: 100%;
  display: flex;
  flex-direction: column;
  ",
              [Function],
              "
",
            ],
          },
          "displayName": "styled.div",
          "render": [Function],
          "styledComponentId": "sc-bwzfXH",
          "target": "div",
          "toString": [Function],
          "warnTooManyClasses": [Function],
          "withComponent": [Function],
        },
      },
      "type": Object {
        "$$typeof": Symbol(react.forward_ref),
        "attrs": Array [],
        "componentStyle": ComponentStyle {
          "componentId": "sc-bdVaJa",
          "isStatic": true,
          "rules": Array [
            "
  font-size: 1.25rem;
  display: flex;
  flex-direction: row-reverse;
  max-width: 800px;
  margin: 0 auto;
",
          ],
        },
        "displayName": "styled.div",
        "render": [Function],
        "styledComponentId": "sc-bdVaJa",
        "target": "div",
        "toString": [Function],
        "warnTooManyClasses": [Function],
        "withComponent": [Function],
      },
    },
  ],
  Symbol(enzyme.__options__): Object {
    "adapter": ReactSixteenAdapter {
      "options": Object {
        "enableComponentDidUpdateOnSetState": true,
        "lifecycles": Object {
          "componentDidUpdate": Object {
            "onSetState": true,
          },
          "getDerivedStateFromProps": true,
          "getSnapshotBeforeUpdate": true,
          "setState": Object {
            "skipsComponentDidUpdateOnNullish": true,
          },
        },
      },
    },
  },
}
`;
